[www.okalpha.co/index.html]
[backblue.gif]
[fade.gif]
[index.html]
[uploads-ssl.webflow.com/5b13df51d0d5fe8211f203da/css/okalpha-website.webflow.d1ce49238.css]
[uploads-ssl.webflow.com/5b13df51d0d5fe8211f203da/5bd5f0255a6dba7040e273d8_favicon.png]
[uploads-ssl.webflow.com/5b13df51d0d5fe8211f203da/5c401c57cb1008540d9b537a_Logo_256.jpg]
[www.google-analytics.com/analytics.js]
[www.okalpha.co/work.html]
[www.okalpha.co/shop.html]
[uploads-ssl.webflow.com/5b140991da3c5ca736fe11aa/628cb4991d21f04dd130f4ca_thumbnail.jpg]
[uploads-ssl.webflow.com/5b140991da3c5ca736fe11aa/628c8f9b9219f46af4a6219c_thumbnail.jpg]
[www.okalpha.co/work/makereign.html]
[uploads-ssl.webflow.com/5b140991da3c5ca736fe11aa/5c0f5ce85a6ddc6a24c3f5ae_MakeReign_Thumbnail.jpg]
[www.okalpha.co/work/sanlam-indie-explainers.html]
[uploads-ssl.webflow.com/5b140991da3c5ca736fe11aa/600a7987d0e084ff8b0c8ea9_Thumbnail.jpg]
[www.okalpha.co/work/wolf-whale.html]
[uploads-ssl.webflow.com/5b140991da3c5ca736fe11aa/601158e5dd1be3467df7897a_wolfandwhale-thumbnail.jpg]
[uploads-ssl.webflow.com/5b13df51d0d5fe8211f203da/5c1e1eeafd28a7b339e85802_Grant.jpg]
[uploads-ssl.webflow.com/5b13df51d0d5fe8211f203da/5c1e1eea753a406a00104d56_Grant_Objects.jpg]
[uploads-ssl.webflow.com/5b13df51d0d5fe8211f203da/63404bc90eef8794d4778d58_Lawrence.jpg]
[uploads-ssl.webflow.com/5b13df51d0d5fe8211f203da/63404bc94bbe08711b63ebdb_Lawrence_Objects.jpg]
[uploads-ssl.webflow.com/5b13df51d0d5fe8211f203da/5c1e1ee9753a4011e0104d55_Titan.jpg]
[uploads-ssl.webflow.com/5b13df51d0d5fe8211f203da/5c1e1ee94fdbba581bb8e232_Titan_Objects.jpg]
[uploads-ssl.webflow.com/5b13df51d0d5fe8211f203da/5c1e1eea4fdbba4541b8e233_Jade.jpg]
[uploads-ssl.webflow.com/5b13df51d0d5fe8211f203da/5c1e1eeafd28a77e24e85801_Jade_Objects.jpg]
[uploads-ssl.webflow.com/5b13df51d0d5fe8211f203da/5c1e1eea11410537aefdeb13_Dillan.jpg]
[uploads-ssl.webflow.com/5b13df51d0d5fe8211f203da/5c1e1eea11410578a9fdeb14_Dillan_Objects.jpg]
[uploads-ssl.webflow.com/5b13df51d0d5fe8211f203da/63404bca59938f21e06d7c93_Mishka.jpg]
[uploads-ssl.webflow.com/5b13df51d0d5fe8211f203da/63404bcad1a329288064f414_Mishka_Objects.jpg]
[uploads-ssl.webflow.com/5b13df51d0d5fe8211f203da/63404bc993b3576ed38f5bbe_Luke.jpg]
[uploads-ssl.webflow.com/5b13df51d0d5fe8211f203da/63404bc986468c2b48667be6_Luke_Objects.jpg]
[d3e54v103j8qbb.cloudfront.net/js/jquery-3.5.1.min.dc5e7f18c80bd3.js]
[www.okalpha.co/index.html]
[uploads-ssl.webflow.com/5b13df51d0d5fe8211f203da/css/okalpha-website.webflow.d1ce49238.css]
[uploads-ssl.webflow.com/5b13df51d0d5fe8211f203da/js/webflow.8c49ad5ee.js]
[www.okalpha.co/work/faithful-to-nature-social-ads.html]
[uploads-ssl.webflow.com/5b140991da3c5ca736fe11aa/600aa11122b4ed46592f3c6f_Thumbnail-03.jpg]
[uploads-ssl.webflow.com/5b140991da3c5ca736fe11aa/5c0e690e77706b674d00078f_Over_AR_Website_Thumbnail_web.jpg]
[uploads-ssl.webflow.com/5b140991da3c5ca736fe11aa/5c0e5a87d4b0af22c58104c8_IndieFin_TVC_Tail_Website_Thumbnail_web.jpg]
[uploads-ssl.webflow.com/5b140991da3c5ca736fe11aa/5c0e8ba3caa30a59d211028f_Over_Motion_Website_Thumbnail_web.jpg]
[www.okalpha.co/work.html]
[www.okalpha.co/shop/okalpha-enamel-pin.html]
[www.okalpha.co/shop/mondrian-pencils.html]
[www.okalpha.co/shop/retro-water-jug.html]
[www.okalpha.co/shop/disney-goofy-bin.html]
[www.okalpha.co/shop/gridlock.html]
[www.okalpha.co/shop/mcdonalds-thermo-mug.html]
[www.okalpha.co/shop/vintage-noise-maker.html]
[www.okalpha.co/shop/retro-mcdonalds-watch.html]
[www.okalpha.co/shop/vintage-dairy-queen-bowls.html]
[www.okalpha.co/shop/mago-toys-maker.html]
[www.okalpha.co/shop/pifco-electric-clock.html]
[www.okalpha.co/shop.html]
[uploads-ssl.webflow.com/5b140991da3c5ca736fe11aa/5c33452367e66c29bfdd95d6_Image_Collage_02.jpg]
[uploads-ssl.webflow.com/5b140991da3c5ca736fe11aa/5beadc28fd19d62a6f95cfbd_MakeReign_Headers_1440pWoolworths.jpg]
[uploads-ssl.webflow.com/5b140991da3c5ca736fe11aa/5c33446eb7fbee6dd26ecf6d_Image_Collage_01.jpg]
[uploads-ssl.webflow.com/5b140991da3c5ca736fe11aa/5c33706567e66cf6d1dd9854_02.jpg]
[uploads-ssl.webflow.com/5b140991da3c5ca736fe11aa/5c336eca4fb9676ff9c6c27c_Image_Collage_01.jpg]
[uploads-ssl.webflow.com/5b140991da3c5ca736fe11aa/5c3370e55327fe191ae379ae_Image_Collage_02.jpg]
[uploads-ssl.webflow.com/5b140991da3c5ca736fe11aa/5c3473be3555c7db01bf05f6_Untitled-2.jpg]
[uploads-ssl.webflow.com/5b140991da3c5ca736fe11aa/5c336eb99343e37bba08ecc4_01.jpg]
[www.okalpha.co/work/makereign.html]
[uploads-ssl.webflow.com/5b140991da3c5ca736fe11aa/600a8374cce6c16973fb4e0c_Still-05.jpg]
[uploads-ssl.webflow.com/5b140991da3c5ca736fe11aa/600a87a8fcc3c9299b2c4365_Still-03.jpg]
[www.okalpha.co/work/sanlam-indie-explainers.html]
[uploads-ssl.webflow.com/5b140991da3c5ca736fe11aa/60116cae3be3ea5e0f4eef40_wolfandwhale-03.jpg]
[uploads-ssl.webflow.com/5b140991da3c5ca736fe11aa/6011702383be1c5d7e1809b8_wolfandwhale-05.jpg]
[www.okalpha.co/work/wolf-whale.html]
[uploads-ssl.webflow.com/5b140991da3c5ca736fe11aa/600ecad213817f4a14061b14_ftn-01.jpg]
[uploads-ssl.webflow.com/5b140991da3c5ca736fe11aa/600ab31c4c55190b1f4826fc_Still-02.jpg]
[uploads-ssl.webflow.com/5b140991da3c5ca736fe11aa/600ad171a4143c6e2d13b209_Still-04.jpg]
[uploads-ssl.webflow.com/5b140991da3c5ca736fe11aa/600e840d602dd34c22490fee_Still-02.jpg]
[uploads-ssl.webflow.com/5b140991da3c5ca736fe11aa/60111e0c5d235356c2dbf481_FaithfultoNature-Process.jpg]
[www.okalpha.co/work/faithful-to-nature-social-ads.html]
[web.goodweb.host/nice-select.css]
[uploads-ssl.webflow.com/5b140991da3c5ca736fe11aa/5c1cdc2cac10cd60f6966b66_ok000-Okalpha-Enamel-Pin-01.jpg]
[uploads-ssl.webflow.com/5b140991da3c5ca736fe11aa/5c1cdc3076d7bf40566ee066_ok000-Okalpha-Enamel-Pin-02.jpg]
[uploads-ssl.webflow.com/5b140991da3c5ca736fe11aa/5c1cdc32235a943e054a7e75_ok000-Okalpha-Enamel-Pin-03.jpg]
[web.goodweb.host/jquery.nice-select.js]
[www.okalpha.co/shop/okalpha-enamel-pin.html]
[web.goodweb.host/goodwebhost-country.js]
[uploads-ssl.webflow.com/5b140991da3c5ca736fe11aa/5c1269e0cde23842f0e92a1f_ok040---Mondrian-Coloured-Pencils-02.jpg]
[uploads-ssl.webflow.com/5b140991da3c5ca736fe11aa/5c12683d830453ccd28d088b_ok040---Mondrian-Coloured-Pencils-01.jpg]
[uploads-ssl.webflow.com/5b140991da3c5ca736fe11aa/5c1cdd8b235a94625b4a7e7e_ok040---Mondrian-Coloured-Pencils-03.jpg]
[www.okalpha.co/shop/mondrian-pencils.html]
[uploads-ssl.webflow.com/5b140991da3c5ca736fe11aa/5c78e117a6ddc93097226331_ok015-Retro-Water-Jug-03.jpg]
[uploads-ssl.webflow.com/5b140991da3c5ca736fe11aa/5c78e11aeb401506276a8d33_ok015-Retro-Water-Jug-02.jpg]
[uploads-ssl.webflow.com/5b140991da3c5ca736fe11aa/5c78e11feb40154a466a8d34_ok015-Retro-Water-Jug-01.jpg]
[www.okalpha.co/shop/retro-water-jug.html]
[uploads-ssl.webflow.com/5b140991da3c5ca736fe11aa/5c1cdcab08dbeb67f1056ab1_ok002-Goofy-Bin-01.jpg]
[uploads-ssl.webflow.com/5b140991da3c5ca736fe11aa/5c1cdcad5744ab8d35b3cef2_ok002-Goofy-Bin-02.jpg]
[uploads-ssl.webflow.com/5b140991da3c5ca736fe11aa/5c1cdcaf529e7285cc604ffb_ok002-Goofy-Bin-03.jpg]
[www.okalpha.co/shop/disney-goofy-bin.html]
[uploads-ssl.webflow.com/5b140991da3c5ca736fe11aa/63e0b9d1d2a0eb0206066c7c_Gridlock-Sold.jpg]
[uploads-ssl.webflow.com/5b140991da3c5ca736fe11aa/63e0fb71a0e597f272b25434_Gridlock-Sold-Detail1.png]
[uploads-ssl.webflow.com/5b140991da3c5ca736fe11aa/63e0fb688952d64a3c7635a3_Gridlock-Sold-Detail2.png]
[www.okalpha.co/shop/gridlock.html]
[uploads-ssl.webflow.com/5b140991da3c5ca736fe11aa/5c1ceebe0ea1986c3ddea36f_ok004-McDonalds-Thermo-01.jpg]
[uploads-ssl.webflow.com/5b140991da3c5ca736fe11aa/5c1ceec07acbaf3564bacb7f_ok004-McDonalds-Thermo-02.jpg]
[uploads-ssl.webflow.com/5b140991da3c5ca736fe11aa/5c1ceec1d9afac1027af40ad_ok004-McDonalds-Thermo-03.jpg]
[www.okalpha.co/shop/mcdonalds-thermo-mug.html]
[uploads-ssl.webflow.com/5b140991da3c5ca736fe11aa/5c12653319a94a684708fce3_ok018---Vintage-Noise-Maker-01.jpg]
[uploads-ssl.webflow.com/5b140991da3c5ca736fe11aa/5c1ceefa5744ab7ee5b3cfcb_ok018---Vintage-Noise-Maker-02.jpg]
[uploads-ssl.webflow.com/5b140991da3c5ca736fe11aa/5c1ceefbd9afac62aaaf40b2_ok018---Vintage-Noise-Maker-03.jpg]
[www.okalpha.co/shop/vintage-noise-maker.html]
[uploads-ssl.webflow.com/5b140991da3c5ca736fe11aa/5c1cef185744ab2499b3cfcd_ok020-McDonalds-Watch-01.jpg]
[uploads-ssl.webflow.com/5b140991da3c5ca736fe11aa/5c1cef16235a94e9614a7f6d_ok020-McDonalds-Watch-02.jpg]
[uploads-ssl.webflow.com/5b140991da3c5ca736fe11aa/5c1cef1a235a94b9f24a7f70_ok020-McDonalds-Watch-03.jpg]
[www.okalpha.co/shop/retro-mcdonalds-watch.html]
[uploads-ssl.webflow.com/5b140991da3c5ca736fe11aa/5c1cf345d9afacaec3af410d_ok017-Dairy-Queen-Bowls-02.jpg]
[uploads-ssl.webflow.com/5b140991da3c5ca736fe11aa/5c1cf343235a942fbc4a7fbc_ok017-Dairy-Queen-Bowls-01.jpg]
[uploads-ssl.webflow.com/5b140991da3c5ca736fe11aa/5c1cf3470ea198971adea3dd_ok017-Dairy-Queen-Bowls-03.jpg]
[www.okalpha.co/shop/vintage-dairy-queen-bowls.html]
[uploads-ssl.webflow.com/5b140991da3c5ca736fe11aa/5c1cf3bf529e7234d660516e_ok005-Mago-Toys-Maker-01.jpg]
[uploads-ssl.webflow.com/5b140991da3c5ca736fe11aa/5c1cf3c2529e7251e260516f_ok005-Mago-Toys-Maker-02.jpg]
[uploads-ssl.webflow.com/5b140991da3c5ca736fe11aa/5c1cf3c6d9afacad62af4116_ok005-Mago-Toys-Maker-03.jpg]
[www.okalpha.co/shop/mago-toys-maker.html]
[uploads-ssl.webflow.com/5b140991da3c5ca736fe11aa/5c1cdb577acbafcaa1baca55_ok021-PIFCO-Electric-Clock-01.jpg]
[uploads-ssl.webflow.com/5b140991da3c5ca736fe11aa/5c1cdb5c5744aba2b6b3cee4_ok021-PIFCO-Electric-Clock-02.jpg]
[uploads-ssl.webflow.com/5b140991da3c5ca736fe11aa/5c1cdb5e7acbaf60e0baca56_ok021-PIFCO-Electric-Clock-03.jpg]
[www.okalpha.co/shop/pifco-electric-clock.html]
[web.goodweb.host/nice-select.css]
[www.okalpha.co/contact]
[www.okalpha.co/work/stamp]
[www.okalpha.co/work/innovocean]
[www.okalpha.co/work/over-ar]
[www.okalpha.co/work/indiefin-tvtail]
[www.okalpha.co/work/over-motion]
[www.okalpha.co/_https_/uploads-ssl.webflow.com/5b140991da3c5ca736fe11aa/5c1cdc2cac10cd60f6966b66_ok000-Okalpha-Enamel-Pin-01.jpg_]
[www.okalpha.co/_https_/uploads-ssl.webflow.com/5b140991da3c5ca736fe11aa/5c1269e0cde23842f0e92a1f_ok040---Mondrian-Coloured-Pencils-02.jpg_]
[www.okalpha.co/_https_/uploads-ssl.webflow.com/5b140991da3c5ca736fe11aa/5c78e117a6ddc93097226331_ok015-Retro-Water-Jug-03.jpg_]
[www.okalpha.co/_https_/uploads-ssl.webflow.com/5b140991da3c5ca736fe11aa/5c1cdcab08dbeb67f1056ab1_ok002-Goofy-Bin-01.jpg_]
[www.okalpha.co/_https_/uploads-ssl.webflow.com/5b140991da3c5ca736fe11aa/63e0b9d1d2a0eb0206066c7c_Gridlock-Sold.jpg_]
[www.okalpha.co/shop/vintage-movie-viewer]
[www.okalpha.co/_https_/uploads-ssl.webflow.com/5b140991da3c5ca736fe11aa/5c127556eb12db6584cda2d5_ok016---Vintage-Movie-Viewer-01.jpg_]
[www.okalpha.co/_https_/uploads-ssl.webflow.com/5b140991da3c5ca736fe11aa/5c1ceebe0ea1986c3ddea36f_ok004-McDonalds-Thermo-01.jpg_]
[www.okalpha.co/_https_/uploads-ssl.webflow.com/5b140991da3c5ca736fe11aa/5c12653319a94a684708fce3_ok018---Vintage-Noise-Maker-01.jpg_]
[www.okalpha.co/_https_/uploads-ssl.webflow.com/5b140991da3c5ca736fe11aa/5c1cef185744ab2499b3cfcd_ok020-McDonalds-Watch-01.jpg_]
[www.okalpha.co/shop/retro-water-jug-and-cups]
[www.okalpha.co/_https_/uploads-ssl.webflow.com/5b140991da3c5ca736fe11aa/5c1cef92235a941e5a4a7f78_ok015-Retro-Water-Jug-03.jpg_]
[www.okalpha.co/shop/pointer-light]
[www.okalpha.co/_https_/uploads-ssl.webflow.com/5b140991da3c5ca736fe11aa/5c1269b652f2f617406646bf_ok010---Flashlight-Pointer-03.jpg_]
[www.okalpha.co/_https_/uploads-ssl.webflow.com/5b140991da3c5ca736fe11aa/5c1cf345d9afacaec3af410d_ok017-Dairy-Queen-Bowls-02.jpg_]
[www.okalpha.co/shop/retro-viewmaster]
[www.okalpha.co/_https_/uploads-ssl.webflow.com/5b140991da3c5ca736fe11aa/5c12631619a94a5d2008fcad_ok009---Retro-Viewmaster-01.jpg_]
[www.okalpha.co/shop/vintage-toy-train]
[www.okalpha.co/_https_/uploads-ssl.webflow.com/5b140991da3c5ca736fe11aa/5c1cf0f876d7bff4096ee148_ok030-Fisher-Price-Toy-Train-01.jpg_]
[www.okalpha.co/shop/kids-scrabble]
[www.okalpha.co/_https_/uploads-ssl.webflow.com/5b140991da3c5ca736fe11aa/5c1cf3870bb87bc83786c5af_ok028-Junior-Scrabble-02.jpg_]
[www.okalpha.co/_https_/uploads-ssl.webflow.com/5b140991da3c5ca736fe11aa/5c1cf3bf529e7234d660516e_ok005-Mago-Toys-Maker-01.jpg_]
[www.okalpha.co/_https_/uploads-ssl.webflow.com/5b140991da3c5ca736fe11aa/5c1cdb577acbafcaa1baca55_ok021-PIFCO-Electric-Clock-01.jpg_]
[www.okalpha.co/shop/mcdonalds-olympic-mugs]
[www.okalpha.co/_https_/uploads-ssl.webflow.com/5b140991da3c5ca736fe11aa/5c1cf4230ea198cf36dea3ed_ok013-Olympic-Mugs-03.jpg_]
